// Vitest Snapshot v1, https://vitest.dev/guide/snapshot.html

exports[`GameOver > renders full component 1`] = `
"<div class=\\"v-card v-theme--light v-card--density-default v-card--variant-elevated\\">
  <!---->
  <div class=\\"v-card__loader\\">
    <div class=\\"v-progress-linear v-theme--light\\" style=\\"top: 0px; height: 0px; --v-progress-linear-height: 2px; left: 50%; transform: translateX(-50%);\\" role=\\"progressbar\\" aria-hidden=\\"true\\" aria-valuemin=\\"0\\" aria-valuemax=\\"100\\">
      <!---->
      <div class=\\"v-progress-linear__background\\" style=\\"width: 100%;\\"></div>
      <transition-stub name=\\"fade-transition\\" appear=\\"false\\" persisted=\\"false\\" css=\\"true\\">
        <div class=\\"v-progress-linear__indeterminate\\">
          <div class=\\"v-progress-linear__indeterminate long\\"></div>
          <div class=\\"v-progress-linear__indeterminate short\\"></div>
        </div>
      </transition-stub>
      <!---->
    </div>
  </div>
  <!---->
  <!---->
  <div class=\\"v-card-title\\">Game Over</div>
  <div class=\\"v-card-text\\">Unfortunately, nobody is going to visit Ruben this time ðŸ¥²</div>
  <div class=\\"v-card-actions\\">
    <div class=\\"flex-grow-1\\"></div><button type=\\"button\\" class=\\"v-btn v-theme--light text-primary v-btn--density-default v-btn--size-default v-btn--variant-tonal\\"><span class=\\"v-btn__overlay\\"></span><span class=\\"v-btn__underlay\\"></span><span class=\\"v-btn__prepend\\"><i class=\\"mdi-play mdi v-icon notranslate v-theme--light v-icon--size-default\\" aria-hidden=\\"true\\"></i></span><span class=\\"v-btn__content\\" data-no-activator=\\"\\">Play Again</span>
      <!---->
      <!---->
    </button>
  </div>
  <!---->
  <!----><span class=\\"v-card__underlay\\"></span>
</div>"
`;
